--- 
+++ 
@@ -2,5 +2,5 @@
  "name": "John",
- "age": 30
+ "age": 31
 }
