menu.id = "file"
menu.value = "File"
menu.popup.menuitem.0.value = "New"
menu.popup.menuitem.0.onclick = "CreateNewDoc()"
menu.popup.menuitem.1.value = "Open"
menu.popup.menuitem.1.onclick = "OpenDoc()"
menu.popup.menuitem.2.value = "Close"
menu.popup.menuitem.2.onclick = "CloseDoc()"
